clearDisplay()
displayText('Hello NEPO!', 0, 0)
refreshDisplay()
