getMotor('A')
getMotor('C')
Motor A.setSpeed(216)
Motor C.setSpeed(216)
Motor A.forward()
Motor C.forward()
getMotor('A')
getMotor('C')
Motor A.setSpeed(216)
Motor C.setSpeed(216)
Motor A.forward()
Motor C.forward()
getMotor('A')
getMotor('C')
Motor A.setSpeed(216)
Motor C.setSpeed(216)
Motor A.forward()
Motor C.forward()
getMotor('A')
getMotor('C')
Motor A.setSpeed(216)
Motor C.setSpeed(216)
Motor A.forward()
Motor C.forward()
getMotor('A')
getMotor('C')
Motor A.setSpeed(216)
Motor C.setSpeed(216)
Motor A.forward()
Motor C.forward()
getMotor('A')
getMotor('C')
Motor A.setSpeed(216)
Motor C.setSpeed(216)
Motor A.forward()
Motor C.forward()
getMotor('A')
getMotor('C')
Motor A.setSpeed(216)
Motor C.setSpeed(216)
Motor A.forward()
Motor C.forward()
getMotor('A')
getMotor('C')
Motor A.setSpeed(216)
Motor C.setSpeed(216)
Motor A.forward()
Motor C.forward()
getMotor('A')
getMotor('C')
Motor A.setSpeed(216)
Motor C.setSpeed(216)
Motor A.forward()
Motor C.forward()
getMotor('A')
getMotor('C')
Motor A.setSpeed(216)
Motor C.setSpeed(216)
Motor A.forward()
Motor C.forward()
[ITERATION LIMIT] Test stopped after 10 iterations (limit: 10)
